   Compiling TraceLock-epbf v0.1.0 (/home/sudri/k-sentry/TraceLock-epbf/TraceLock_epbf)
warning: TraceLock-epbf@0.1.0:    Compiling TraceLock-epbf-ebpf v0.1.0 (/home/sudri/k-sentry/TraceLock-epbf/TraceLock_epbf_ebpf)
warning: TraceLock-epbf@0.1.0: error[E0133]: call to unsafe function `bpf_ktime_get_ns` is unsafe and requires unsafe function or block
warning: TraceLock-epbf@0.1.0:   --> TraceLock_epbf_ebpf/src/main.rs:22:24
warning: TraceLock-epbf@0.1.0:    |
warning: TraceLock-epbf@0.1.0: 22 |     let timestamp_ns = bpf_ktime_get_ns();
warning: TraceLock-epbf@0.1.0:    |                        ^^^^^^^^^^^^^^^^^^ call to unsafe function
warning: TraceLock-epbf@0.1.0:    |
warning: TraceLock-epbf@0.1.0:    = note: consult the function's documentation for information on how to avoid undefined behavior
warning: TraceLock-epbf@0.1.0: 
warning: TraceLock-epbf@0.1.0: 
warning: TraceLock-epbf@0.1.0: For more information about this error, try `rustc --explain E0133`.
warning: TraceLock-epbf@0.1.0: 
warning: TraceLock-epbf@0.1.0: error: could not compile `TraceLock-epbf-ebpf` (bin "TraceLock-epbf") due to 1 previous error
error: failed to run custom build command for `TraceLock-epbf v0.1.0 (/home/sudri/k-sentry/TraceLock-epbf/TraceLock_epbf)`

Caused by:
  process didn't exit successfully: `/home/sudri/k-sentry/TraceLock-epbf/target/release/build/TraceLock-epbf-6bf9e1779c8fb196/build-script-build` (exit status: 1)
  --- stdout
  cargo:rerun-if-changed=/home/sudri/k-sentry/TraceLock-epbf/TraceLock_epbf_ebpf
  cargo:warning=   Compiling TraceLock-epbf-ebpf v0.1.0 (/home/sudri/k-sentry/TraceLock-epbf/TraceLock_epbf_ebpf)
  cargo:warning=error[E0133]: call to unsafe function `bpf_ktime_get_ns` is unsafe and requires unsafe function or block
  cargo:warning=  --> TraceLock_epbf_ebpf/src/main.rs:22:24
  cargo:warning=   |
  cargo:warning=22 |     let timestamp_ns = bpf_ktime_get_ns();
  cargo:warning=   |                        ^^^^^^^^^^^^^^^^^^ call to unsafe function
  cargo:warning=   |
  cargo:warning=   = note: consult the function's documentation for information on how to avoid undefined behavior
  cargo:warning=
  cargo:warning=
  cargo:warning=For more information about this error, try `rustc --explain E0133`.
  cargo:warning=
  cargo:warning=error: could not compile `TraceLock-epbf-ebpf` (bin "TraceLock-epbf") due to 1 previous error

  --- stderr
  Error: env -u RUSTC -u RUSTC_WORKSPACE_WRAPPER CARGO_ENCODED_RUSTFLAGS="--cfg=bpf_target_arch=\"x86_64\"\u{1f}-Cdebuginfo=2\u{1f}-Clink-arg=--btf" "rustup" "run" "nightly" "cargo" "build" "--package" "TraceLock-epbf-ebpf" "-Z" "build-std=core" "--bins" "--message-format=json" "--release" "--target" "bpfel-unknown-none" "--features" "" "--target-dir" "/home/sudri/k-sentry/TraceLock-epbf/target/release/build/TraceLock-epbf-9fc719f244946909/out/TraceLock-epbf-ebpf" failed: ExitStatus(unix_wait_status(25856))
