warning: TraceLock-epbf@0.1.0:    Compiling proc-macro2 v1.0.106
warning: TraceLock-epbf@0.1.0:    Compiling unicode-ident v1.0.24
warning: TraceLock-epbf@0.1.0:    Compiling quote v1.0.45
warning: TraceLock-epbf@0.1.0:    Compiling serde_core v1.0.228
warning: TraceLock-epbf@0.1.0:    Compiling zmij v1.0.21
warning: TraceLock-epbf@0.1.0:    Compiling compiler_builtins v0.1.160 (/home/sudri/.rustup/toolchains/nightly-x86_64-unknown-linux-gnu/lib/rustlib/src/rust/library/compiler-builtins/compiler-builtins)
warning: TraceLock-epbf@0.1.0:    Compiling thiserror v2.0.18
warning: TraceLock-epbf@0.1.0:    Compiling serde_json v1.0.149
warning: TraceLock-epbf@0.1.0:    Compiling serde v1.0.228
warning: TraceLock-epbf@0.1.0:    Compiling rustversion v1.0.22
warning: TraceLock-epbf@0.1.0:    Compiling camino v1.2.2
warning: TraceLock-epbf@0.1.0:    Compiling itoa v1.0.18
warning: TraceLock-epbf@0.1.0:    Compiling anyhow v1.0.102
warning: TraceLock-epbf@0.1.0:    Compiling memchr v2.8.0
warning: TraceLock-epbf@0.1.0:    Compiling core v0.0.0 (/home/sudri/.rustup/toolchains/nightly-x86_64-unknown-linux-gnu/lib/rustlib/src/rust/library/core)
warning: TraceLock-epbf@0.1.0:    Compiling version_check v0.9.5
warning: TraceLock-epbf@0.1.0:    Compiling rustix v0.38.44
warning: TraceLock-epbf@0.1.0:    Compiling linux-raw-sys v0.4.15
warning: TraceLock-epbf@0.1.0:    Compiling bitflags v2.11.1
warning: TraceLock-epbf@0.1.0:    Compiling either v1.15.0
warning: TraceLock-epbf@0.1.0:    Compiling home v0.5.12
warning: TraceLock-epbf@0.1.0:    Compiling proc-macro2-diagnostics v0.10.1
warning: TraceLock-epbf@0.1.0:    Compiling aya-ebpf v0.1.1
warning: TraceLock-epbf@0.1.0:    Compiling syn v2.0.117
warning: TraceLock-epbf@0.1.0:    Compiling which v6.0.3
warning: TraceLock-epbf@0.1.0:    Compiling TraceLock-epbf-ebpf v0.1.0 (/home/sudri/k-sentry/TraceLock-epbf/TraceLock_epbf_ebpf)
warning: TraceLock-epbf@0.1.0:    Compiling cargo-platform v0.3.3
warning: TraceLock-epbf@0.1.0:    Compiling semver v1.0.28
warning: TraceLock-epbf@0.1.0:    Compiling serde_derive v1.0.228
warning: TraceLock-epbf@0.1.0:    Compiling thiserror-impl v2.0.18
warning: TraceLock-epbf@0.1.0:    Compiling num_enum_derive v0.7.6
warning: TraceLock-epbf@0.1.0:    Compiling aya-ebpf-macros v0.1.2
warning: TraceLock-epbf@0.1.0:    Compiling num_enum v0.7.6
warning: TraceLock-epbf@0.1.0:    Compiling aya-log-common v0.1.15
warning: TraceLock-epbf@0.1.0:    Compiling aya-log-parser v0.1.13
warning: TraceLock-epbf@0.1.0:    Compiling aya-log-ebpf-macros v0.1.0
warning: TraceLock-epbf@0.1.0:    Compiling cargo_metadata v0.23.1
warning: TraceLock-epbf@0.1.0:    Compiling aya-build v0.1.3
warning: TraceLock-epbf@0.1.0:    Compiling aya-ebpf-cty v0.2.3
warning: TraceLock-epbf@0.1.0:    Compiling aya-ebpf-bindings v0.1.2
warning: TraceLock-epbf@0.1.0:    Compiling TraceLock-epbf-common v0.1.0 (/home/sudri/k-sentry/TraceLock-epbf/TraceLock_epbf_common)
warning: TraceLock-epbf@0.1.0:    Compiling aya-log-ebpf v0.1.0
warning: TraceLock-epbf@0.1.0: warning: unnecessary `unsafe` block
warning: TraceLock-epbf@0.1.0:   --> TraceLock_epbf_ebpf/src/main.rs:28:20
warning: TraceLock-epbf@0.1.0:    |
warning: TraceLock-epbf@0.1.0: 28 |     let pid_tgid = unsafe { bpf_get_current_pid_tgid() };
warning: TraceLock-epbf@0.1.0:    |                    ^^^^^^ unnecessary `unsafe` block
warning: TraceLock-epbf@0.1.0:    |
warning: TraceLock-epbf@0.1.0:    = note: `#[warn(unused_unsafe)]` (part of `#[warn(unused)]`) on by default
warning: TraceLock-epbf@0.1.0: 
warning: TraceLock-epbf@0.1.0: 
warning: TraceLock-epbf@0.1.0: warning: unnecessary `unsafe` block
warning: TraceLock-epbf@0.1.0:   --> TraceLock_epbf_ebpf/src/main.rs:29:19
warning: TraceLock-epbf@0.1.0:    |
warning: TraceLock-epbf@0.1.0: 29 |     let uid_gid = unsafe { bpf_get_current_uid_gid() };
warning: TraceLock-epbf@0.1.0:    |                   ^^^^^^ unnecessary `unsafe` block
warning: TraceLock-epbf@0.1.0: 
warning: TraceLock-epbf@0.1.0: 
warning: TraceLock-epbf@0.1.0:     Finished `release` profile [optimized] target(s) in 7.60s
   Compiling TraceLock-epbf v0.1.0 (/home/sudri/k-sentry/TraceLock-epbf/TraceLock_epbf)
error: couldn't read `TraceLock_epbf/src/../../target/bpfel-unknown-none/release/TraceLock-epbf`: No such file or directory (os error 2)
  --> TraceLock_epbf/src/main.rs:32:31
   |
32 |       let mut ebpf = Ebpf::load(include_bytes_aligned!(
   |  _______________________________^
33 | |         "../../target/bpfel-unknown-none/release/TraceLock-epbf"
34 | |     ))?;
   | |_____^
   |
   = note: this error originates in the macro `include_bytes` which comes from the expansion of the macro `include_bytes_aligned` (in Nightly builds, run with -Z macro-backtrace for more info)

warning: TraceLock-epbf@0.1.0:    Compiling proc-macro2 v1.0.106
warning: TraceLock-epbf@0.1.0:    Compiling unicode-ident v1.0.24
warning: TraceLock-epbf@0.1.0:    Compiling quote v1.0.45
warning: TraceLock-epbf@0.1.0:    Compiling serde_core v1.0.228
warning: TraceLock-epbf@0.1.0:    Compiling zmij v1.0.21
warning: TraceLock-epbf@0.1.0:    Compiling compiler_builtins v0.1.160 (/home/sudri/.rustup/toolchains/nightly-x86_64-unknown-linux-gnu/lib/rustlib/src/rust/library/compiler-builtins/compiler-builtins)
warning: TraceLock-epbf@0.1.0:    Compiling thiserror v2.0.18
warning: TraceLock-epbf@0.1.0:    Compiling serde_json v1.0.149
warning: TraceLock-epbf@0.1.0:    Compiling serde v1.0.228
warning: TraceLock-epbf@0.1.0:    Compiling rustversion v1.0.22
warning: TraceLock-epbf@0.1.0:    Compiling camino v1.2.2
warning: TraceLock-epbf@0.1.0:    Compiling itoa v1.0.18
warning: TraceLock-epbf@0.1.0:    Compiling anyhow v1.0.102
warning: TraceLock-epbf@0.1.0:    Compiling memchr v2.8.0
warning: TraceLock-epbf@0.1.0:    Compiling core v0.0.0 (/home/sudri/.rustup/toolchains/nightly-x86_64-unknown-linux-gnu/lib/rustlib/src/rust/library/core)
warning: TraceLock-epbf@0.1.0:    Compiling version_check v0.9.5
warning: TraceLock-epbf@0.1.0:    Compiling rustix v0.38.44
warning: TraceLock-epbf@0.1.0:    Compiling linux-raw-sys v0.4.15
warning: TraceLock-epbf@0.1.0:    Compiling bitflags v2.11.1
warning: TraceLock-epbf@0.1.0:    Compiling either v1.15.0
warning: TraceLock-epbf@0.1.0:    Compiling home v0.5.12
warning: TraceLock-epbf@0.1.0:    Compiling proc-macro2-diagnostics v0.10.1
warning: TraceLock-epbf@0.1.0:    Compiling aya-ebpf v0.1.1
warning: TraceLock-epbf@0.1.0:    Compiling syn v2.0.117
warning: TraceLock-epbf@0.1.0:    Compiling which v6.0.3
warning: TraceLock-epbf@0.1.0:    Compiling TraceLock-epbf-ebpf v0.1.0 (/home/sudri/k-sentry/TraceLock-epbf/TraceLock_epbf_ebpf)
warning: TraceLock-epbf@0.1.0:    Compiling cargo-platform v0.3.3
warning: TraceLock-epbf@0.1.0:    Compiling semver v1.0.28
warning: TraceLock-epbf@0.1.0:    Compiling serde_derive v1.0.228
warning: TraceLock-epbf@0.1.0:    Compiling thiserror-impl v2.0.18
warning: TraceLock-epbf@0.1.0:    Compiling num_enum_derive v0.7.6
warning: TraceLock-epbf@0.1.0:    Compiling aya-ebpf-macros v0.1.2
warning: TraceLock-epbf@0.1.0:    Compiling num_enum v0.7.6
warning: TraceLock-epbf@0.1.0:    Compiling aya-log-common v0.1.15
warning: TraceLock-epbf@0.1.0:    Compiling aya-log-parser v0.1.13
warning: TraceLock-epbf@0.1.0:    Compiling aya-log-ebpf-macros v0.1.0
warning: TraceLock-epbf@0.1.0:    Compiling cargo_metadata v0.23.1
warning: TraceLock-epbf@0.1.0:    Compiling aya-build v0.1.3
warning: TraceLock-epbf@0.1.0:    Compiling aya-ebpf-cty v0.2.3
warning: TraceLock-epbf@0.1.0:    Compiling aya-ebpf-bindings v0.1.2
warning: TraceLock-epbf@0.1.0:    Compiling TraceLock-epbf-common v0.1.0 (/home/sudri/k-sentry/TraceLock-epbf/TraceLock_epbf_common)
warning: TraceLock-epbf@0.1.0:    Compiling aya-log-ebpf v0.1.0
warning: TraceLock-epbf@0.1.0: warning: unnecessary `unsafe` block
warning: TraceLock-epbf@0.1.0:   --> TraceLock_epbf_ebpf/src/main.rs:28:20
warning: TraceLock-epbf@0.1.0:    |
warning: TraceLock-epbf@0.1.0: 28 |     let pid_tgid = unsafe { bpf_get_current_pid_tgid() };
warning: TraceLock-epbf@0.1.0:    |                    ^^^^^^ unnecessary `unsafe` block
warning: TraceLock-epbf@0.1.0:    |
warning: TraceLock-epbf@0.1.0:    = note: `#[warn(unused_unsafe)]` (part of `#[warn(unused)]`) on by default
warning: TraceLock-epbf@0.1.0: 
warning: TraceLock-epbf@0.1.0: 
warning: TraceLock-epbf@0.1.0: warning: unnecessary `unsafe` block
warning: TraceLock-epbf@0.1.0:   --> TraceLock_epbf_ebpf/src/main.rs:29:19
warning: TraceLock-epbf@0.1.0:    |
warning: TraceLock-epbf@0.1.0: 29 |     let uid_gid = unsafe { bpf_get_current_uid_gid() };
warning: TraceLock-epbf@0.1.0:    |                   ^^^^^^ unnecessary `unsafe` block
warning: TraceLock-epbf@0.1.0: 
warning: TraceLock-epbf@0.1.0: 
warning: TraceLock-epbf@0.1.0:     Finished `release` profile [optimized] target(s) in 7.60s
error: could not compile `TraceLock-epbf` (bin "TraceLock-epbf") due to 1 previous error
